[playiptv.club/index.html]
[backblue.gif]
[fade.gif]
[index.html]
[playiptv.club/img/favicon.png]
[playiptv.club/css/bootstrap.min.css]
[playiptv.club/css/animate.min.css]
[playiptv.club/css/magnific-popup.css]
[playiptv.club/css/owl.carousel.min.css]
[playiptv.club/css/flaticon.css]
[playiptv.club/css/odometer.css]
[playiptv.club/css/aos.css]
[playiptv.club/css/slick.css]
[playiptv.club/css/default.css]
[playiptv.club/css/style.css]
[playiptv.club/css/responsive.css]
[kit.fontawesome.com/64ea9c0981.js]
[playiptv.club/img/logo/logo.webp]
[playiptv.club/uploads/6621c52693e7e.webp]
[playiptv.club/uploads/6621c4aab37cb.webp]
[playiptv.club/login/index.html]
[playiptv.club/uploads/6621c410ada04.webp]
[playiptv.club/uploads/6621c395a22af.webp]
[playiptv.club/cadastro/index.html]
[playiptv.club/uploads/6621c2f33c134.webp]
[playiptv.club/img/images/app-playiptv.webp]
[playiptv.club/uploads/6621c2613e2c8.webp]
[playiptv.club/uploads/65a6927841a2f.webp]
[playiptv.club/uploads/65a69081dcc58.webp]
[playiptv.club/uploads/65a68fcd47f7e.webp]
[playiptv.club/uploads/657100a12bfd8.webp]
[playiptv.club/uploads/6571001088d6d.webp]
[playiptv.club/uploads/6570ff43c0071.webp]
[playiptv.club/uploads/65a6936d42c86.webp]
[playiptv.club/uploads/65a69303d2136.webp]
[playiptv.club/uploads/65a691f6513fe.webp]
[playiptv.club/uploads/65a69102f1539.webp]
[playiptv.club/uploads/654783d536c32.webp]
[playiptv.club/uploads/652bea3e7d0e3.webp]
[playiptv.club/uploads/65246606c968f.webp]
[playiptv.club/uploads/6524644b9bdf2.webp]
[playiptv.club/uploads/65a693c4a6a4b.webp]
[playiptv.club/uploads/652c068f5ff33.webp]
[playiptv.club/uploads/652c065f10aa9.webp]
[playiptv.club/uploads/652c062b8cc83.webp]
[playiptv.club/uploads/652c061319b6e.webp]
[playiptv.club/uploads/652c05e535af2.webp]
[playiptv.club/uploads/652c05bde5b5b.webp]
[playiptv.club/uploads/652c057bd8355.webp]
[playiptv.club/uploads/652c04c13b92a.webp]
[playiptv.club/uploads/65245fa521214.webp]
[playiptv.club/img/google-safe.webp]
[playiptv.club/img/lets-encrypt-badge.webp]
[playiptv.club/img/mercadopago-selo.webp]
[playiptv.club/js/vendor/jquery-3.6.0.min.js]
[playiptv.club/js/popper.min.js]
[playiptv.club/js/bootstrap.min.js]
[playiptv.club/js/isotope.pkgd.min.js]
[playiptv.club/js/imagesloaded.pkgd.min.js]
[playiptv.club/js/jquery.magnific-popup.min.js]
[playiptv.club/js/owl.carousel.min.js]
[playiptv.club/js/jquery.odometer.min.js]
[playiptv.club/js/jquery.appear.js]
[playiptv.club/js/slick.min.js]
[playiptv.club/js/ajax-form.js]
[playiptv.club/js/wow.min.js]
[playiptv.club/js/aos.js]
[playiptv.club/js/plugins.js]
[playiptv.club/index.html]
[playiptv.club/js/main.js]
[playiptv.club/css/bootstrap.min.css]
[playiptv.club/css/animate.min.css]
[playiptv.club/css/magnific-popup.css]
[playiptv.club/css/owl.video.play.html]
[playiptv.club/css/owl.carousel.min.css]
[playiptv.club/fonts/Flaticon.html]
[playiptv.club/fonts/Flaticond41d.html]
[playiptv.club/fonts/Flaticon-2.html]
[playiptv.club/fonts/Flaticon-3.html]
[playiptv.club/fonts/Flaticon-4.html]
[playiptv.club/css/flaticon.css]
[playiptv.club/fonts/Flaticon-5.html]
[playiptv.club/css/odometer.css]
[playiptv.club/css/aos.css]
[playiptv.club/css/slick.css]
[playiptv.club/css/default.css]
[playiptv.club/img/bg/header_bottom_shape.html]
[playiptv.club/img/images/nw_selarw.html]
[playiptv.club/img/images/title_shape.html]
[playiptv.club/img/bg/gallery_bg.jpg]
[playiptv.club/img/bg/footer-bg.webp]
[playiptv.club/css/style.css]
[playiptv.club/css/responsive.css]
[www.google.com/recaptcha/apicc5f.js]
[playiptv.club/login/index.html]
[playiptv.club/cadastro/index.html]
[playiptv.club/css/owl.video.play.html]
[playiptv.club/fonts/Flaticon.html]
[playiptv.club/fonts/Flaticond41d.html]
[playiptv.club/fonts/Flaticon-2.html]
[playiptv.club/fonts/Flaticon-3.html]
[playiptv.club/fonts/Flaticon-4.html]
[playiptv.club/fonts/Flaticon-5.html]
[playiptv.club/img/bg/header_bottom_shape.html]
[playiptv.club/img/images/nw_selarw.html]
[playiptv.club/img/images/title_shape.html]
[playiptv.club/minha-conta/index.html]
[playiptv.club/minha-conta/index.html]
